{
  "__class__": "Right",
  "value": [
    {
      "__class__": "Metadata",
      "ID": "2",
      "Slug": "test_002",
      "Views": 100,
      "Downloads": 200,
      "CreatedAt": "2022-11-05T00:00:00.000Z",
      "UpdatedAt": "2022-11-05T00:00:00.000Z"
    }
  ],
  "isLeft": false,
  "isRight": true
}