{
  "__class__": "WallpaperDatabaseDto",
  "id": "1",
  "slug": "ghost_waves_001",
  "version": "001",
  "title": "Ghost Waves",
  "downloads": 31520,
  "preview": "https://example.com/preview.jpg",
  "desktop": "https://example.com/desktop.jpg",
  "mobile": "https://example.com/mobile.jpg",
  "tags": "4K-READY",
  "published": "2024-01-01T00:00:00"
}