{
  "__class__": "Right",
  "value": {
    "__class__": "Wallpaper",
    "metadata": {
      "__class__": "Metadata",
      "id": "1",
      "title": "test_001",
      "views": 0,
      "downloads": 456,
      "slug": "test_001",
      "created": {
        "__class__": "LocalDateTime",
        "value": {
          "__class__": "LocalDateTime",
          "date": {
            "__class__": "LocalDate",
            "year": 2024,
            "month": 12,
            "day": 19
          },
          "time": {
            "__class__": "LocalTime",
            "hour": 23,
            "minute": 49,
            "second": 9,
            "nano": 183673081
          }
        }
      },
      "updated": {
        "__class__": "LocalDateTime",
        "value": {
          "__class__": "LocalDateTime",
          "date": {
            "__class__": "LocalDate",
            "year": 2024,
            "month": 12,
            "day": 19
          },
          "time": {
            "__class__": "LocalTime",
            "hour": 23,
            "minute": 49,
            "second": 9,
            "nano": 183673081
          }
        }
      }
    }
  },
  "isLeft": false,
  "isRight": true
}