{
  "__class__": "WallpaperResponse",
  "wallpaper": {
    "__class__": "WallpaperNetworkDto",
    "id": "wallpapers/ghost_waves_004.mdx",
    "slug": "ghost_waves_004",
    "version": "004",
    "title": "Ghost waves",
    "downloads": 29,
    "preview": "/static/images/wallpaper/ghost_waves_004_web_preview.jpg",
    "extension": "jpg",
    "tags": [
      "6k-ready"
    ],
    "published": {
      "__class__": "LocalDateTime",
      "value": {
        "__class__": "LocalDateTime",
        "date": {
          "__class__": "LocalDate",
          "year": 2024,
          "month": 4,
          "day": 21
        },
        "time": {
          "__class__": "LocalTime",
          "hour": 2,
          "minute": 0,
          "second": 0,
          "nano": 0
        }
      }
    }
  }
}