{
  "__class__": "Right",
  "value": [
    {
      "__class__": "Metadata",
      "id": "2",
      "title": "test_002",
      "views": 100,
      "downloads": 200,
      "slug": "test_002",
      "created": {
        "__class__": "LocalDateTime",
        "value": {
          "__class__": "LocalDateTime",
          "date": {
            "__class__": "LocalDate",
            "year": 2024,
            "month": 12,
            "day": 19
          },
          "time": {
            "__class__": "LocalTime",
            "hour": 23,
            "minute": 49,
            "second": 9,
            "nano": 183706304
          }
        }
      },
      "updated": {
        "__class__": "LocalDateTime",
        "value": {
          "__class__": "LocalDateTime",
          "date": {
            "__class__": "LocalDate",
            "year": 2024,
            "month": 12,
            "day": 19
          },
          "time": {
            "__class__": "LocalTime",
            "hour": 23,
            "minute": 49,
            "second": 9,
            "nano": 183706304
          }
        }
      }
    }
  ],
  "isLeft": false,
  "isRight": true
}